
=== arm a_paper_faithful ===
/Users/sidharthansc/Documents/Sidharthan/GeoPatch/src/sparc_align/train.py:163: UserWarning: Converting a tensor with requires_grad=True to a scalar may lead to unexpected behavior.
Consider using tensor.detach() first. (Triggered internally at /Users/runner/work/pytorch/pytorch/torch/csrc/autograd/generated/python_variable_methods.cpp:823.)
  totals[key] += float(loss_dict[key]) * (end - start)
{"all_alive_fraction": 1.0, "arm": "a_paper_faithful", "cross_nmse_gene_to_image": 0.0709631184444708, "cross_nmse_image_to_gene": 0.9222312779987559, "elapsed_seconds": 31.77165004098788, "section_id": "151507", "self_nmse_gene": 0.855000425787533, "self_nmse_image": 0.15930049033725963, "sum_ari": 0.1481302786910408, "sum_nmi": 0.35116658617874397, "support_ari": 0.2595691720331453, "support_nmi": 0.39975113882816404}
{"all_alive_fraction": 1.0, "arm": "a_paper_faithful", "cross_nmse_gene_to_image": 0.07871310081746843, "cross_nmse_image_to_gene": 0.927963462140825, "elapsed_seconds": 31.88879850000376, "section_id": "151508", "self_nmse_gene": 0.8639177216423882, "self_nmse_image": 0.1587670776579115, "sum_ari": 0.21046529568166594, "sum_nmi": 0.34196111622503184, "support_ari": 0.3177572060982505, "support_nmi": 0.4556447054204107}
{"all_alive_fraction": 1.0, "arm": "a_paper_faithful", "cross_nmse_gene_to_image": 0.07419866029369204, "cross_nmse_image_to_gene": 0.9241267599557575, "elapsed_seconds": 34.271721875004005, "section_id": "151509", "self_nmse_gene": 0.8569431242189909, "self_nmse_image": 0.15372173292072197, "sum_ari": 0.26682199152227076, "sum_nmi": 0.4093805912455413, "support_ari": 0.2755969502024367, "support_nmi": 0.3962664824632853}
{"all_alive_fraction": 1.0, "arm": "a_paper_faithful", "cross_nmse_gene_to_image": 0.07062553572985861, "cross_nmse_image_to_gene": 0.9213970833354526, "elapsed_seconds": 33.877246500051115, "section_id": "151510", "self_nmse_gene": 0.8561272588041093, "self_nmse_image": 0.1567621421482828, "sum_ari": 0.18614995507851856, "sum_nmi": 0.36413491315295404, "support_ari": 0.25675859018262626, "support_nmi": 0.4115352230003924}
{"all_alive_fraction": 1.0, "arm": "a_paper_faithful", "cross_nmse_gene_to_image": 0.08196315119663874, "cross_nmse_image_to_gene": 0.9241595268249512, "elapsed_seconds": 25.442257416958455, "section_id": "151669", "self_nmse_gene": 0.8573815902074178, "self_nmse_image": 0.16059860785802205, "sum_ari": -0.0030869540029029286, "sum_nmi": 0.021592475603153537, "support_ari": 0.42532461893622425, "support_nmi": 0.3012084863198465}
{"all_alive_fraction": 1.0, "arm": "a_paper_faithful", "cross_nmse_gene_to_image": 0.07676501039947782, "cross_nmse_image_to_gene": 0.9209569948060172, "elapsed_seconds": 24.09676441695774, "section_id": "151670", "self_nmse_gene": 0.8508324878556388, "self_nmse_image": 0.1596867793372699, "sum_ari": -0.04019040489118144, "sum_nmi": 0.01662681823699214, "support_ari": 0.5255943314948509, "support_nmi": 0.4290440151750227}
{"all_alive_fraction": 1.0, "arm": "a_paper_faithful", "cross_nmse_gene_to_image": 0.07829374726861715, "cross_nmse_image_to_gene": 0.9260130003094673, "elapsed_seconds": 27.89584808400832, "section_id": "151671", "self_nmse_gene": 0.8559246733784676, "self_nmse_image": 0.15480752382427454, "sum_ari": -0.035195768956631616, "sum_nmi": 0.017607999346710382, "support_ari": 0.1634888923625047, "support_nmi": 0.25591292201028193}
{"all_alive_fraction": 1.0, "arm": "a_paper_faithful", "cross_nmse_gene_to_image": 0.07311920961365104, "cross_nmse_image_to_gene": 0.9204094484448433, "elapsed_seconds": 27.24172858404927, "section_id": "151672", "self_nmse_gene": 0.8536687791347504, "self_nmse_image": 0.1695250514894724, "sum_ari": 0.0922146209818533, "sum_nmi": 0.211170127110005, "support_ari": 0.10607555940126005, "support_nmi": 0.20870625250099295}
{"all_alive_fraction": 1.0, "arm": "a_paper_faithful", "cross_nmse_gene_to_image": 0.07601271520058314, "cross_nmse_image_to_gene": 0.9060596783955892, "elapsed_seconds": 25.475745792035013, "section_id": "151673", "self_nmse_gene": 0.8400521238644918, "self_nmse_image": 0.16672258973121643, "sum_ari": 0.18640969692931514, "sum_nmi": 0.4114879256134935, "support_ari": 0.2266617197839004, "support_nmi": 0.36098025427098285}
{"all_alive_fraction": 1.0, "arm": "a_paper_faithful", "cross_nmse_gene_to_image": 0.07155821869770686, "cross_nmse_image_to_gene": 0.9055410226186117, "elapsed_seconds": 25.42285862501012, "section_id": "151674", "self_nmse_gene": 0.8388553142547608, "self_nmse_image": 0.15986788173516592, "sum_ari": 0.09089540022902304, "sum_nmi": 0.2775083521701043, "support_ari": 0.2156733230069042, "support_nmi": 0.3602749983049724}
{"all_alive_fraction": 1.0, "arm": "a_paper_faithful", "cross_nmse_gene_to_image": 0.06320055041994367, "cross_nmse_image_to_gene": 0.9024738030774253, "elapsed_seconds": 24.449817417014856, "section_id": "151675", "self_nmse_gene": 0.8337387655462537, "self_nmse_image": 0.1674384049006871, "sum_ari": 0.18756080471446424, "sum_nmi": 0.366375766475026, "support_ari": 0.20075066142057676, "support_nmi": 0.37907498646211135}
{"all_alive_fraction": 1.0, "arm": "a_paper_faithful", "cross_nmse_gene_to_image": 0.0654771990541901, "cross_nmse_image_to_gene": 0.9051577278545925, "elapsed_seconds": 23.881501749972813, "section_id": "151676", "self_nmse_gene": 0.8363384434155056, "self_nmse_image": 0.1657551931483405, "sum_ari": 0.12369116366317252, "sum_nmi": 0.30051061585361827, "support_ari": 0.22117379957520059, "support_nmi": 0.3257776940239783}

=== arm b_norm_logits ===
{"all_alive_fraction": 1.0, "arm": "b_norm_logits", "cross_nmse_gene_to_image": 0.06957359480507233, "cross_nmse_image_to_gene": 0.9261728104423074, "elapsed_seconds": 30.908401374996174, "section_id": "151507", "self_nmse_gene": 0.8612533176646513, "self_nmse_image": 0.1532420393298654, "sum_ari": 0.1743219599600438, "sum_nmi": 0.3294257763897968, "support_ari": 0.18475756044368596, "support_nmi": 0.3425665334031225}
{"all_alive_fraction": 1.0, "arm": "b_norm_logits", "cross_nmse_gene_to_image": 0.07994849979877472, "cross_nmse_image_to_gene": 0.9317132731278738, "elapsed_seconds": 33.337572791962884, "section_id": "151508", "self_nmse_gene": 0.8700999882486131, "self_nmse_image": 0.15186059888866213, "sum_ari": 0.21399604034754588, "sum_nmi": 0.3397719162769401, "support_ari": 0.24937096113041185, "support_nmi": 0.42900276110080854}
{"all_alive_fraction": 1.0, "arm": "b_norm_logits", "cross_nmse_gene_to_image": 0.0742181645412194, "cross_nmse_image_to_gene": 0.9278626379213835, "elapsed_seconds": 34.78831883397652, "section_id": "151509", "self_nmse_gene": 0.8625651221526297, "self_nmse_image": 0.1489637564671667, "sum_ari": 0.03881188429853148, "sum_nmi": 0.11326597730904157, "support_ari": 0.22868281893014566, "support_nmi": 0.36973699734037413}
{"all_alive_fraction": 1.0, "arm": "b_norm_logits", "cross_nmse_gene_to_image": 0.07049677396814029, "cross_nmse_image_to_gene": 0.9258158736758761, "elapsed_seconds": 33.7155922499951, "section_id": "151510", "self_nmse_gene": 0.8626701633135477, "self_nmse_image": 0.14985269556442896, "sum_ari": 0.2459230103527425, "sum_nmi": 0.37619404530988865, "support_ari": 0.1966146219611315, "support_nmi": 0.33228547793758273}
{"all_alive_fraction": 1.0, "arm": "b_norm_logits", "cross_nmse_gene_to_image": 0.08094885895649592, "cross_nmse_image_to_gene": 0.9268802483876546, "elapsed_seconds": 27.432442207995337, "section_id": "151669", "self_nmse_gene": 0.862315571308136, "self_nmse_image": 0.15889677306016287, "sum_ari": -0.005157619352748305, "sum_nmi": 0.02676461459836602, "support_ari": 0.06077032696580561, "support_nmi": 0.08251211422914784}
{"all_alive_fraction": 1.0, "arm": "b_norm_logits", "cross_nmse_gene_to_image": 0.0765606936599527, "cross_nmse_image_to_gene": 0.9236982422215598, "elapsed_seconds": 25.976716083998326, "section_id": "151670", "self_nmse_gene": 0.8559560605457851, "self_nmse_image": 0.15803200964416778, "sum_ari": 0.034959433236982466, "sum_nmi": 0.02030827003921763, "support_ari": 0.3266659842580662, "support_nmi": 0.3831533523283409}
{"all_alive_fraction": 1.0, "arm": "b_norm_logits", "cross_nmse_gene_to_image": 0.07847711583599448, "cross_nmse_image_to_gene": 0.9290089197456837, "elapsed_seconds": 29.450920707953628, "section_id": "151671", "self_nmse_gene": 0.8616309277713299, "self_nmse_image": 0.15216089691966772, "sum_ari": -0.03725944554813424, "sum_nmi": 0.022592455397195867, "support_ari": 0.21490156915047173, "support_nmi": 0.27275911277272413}
{"all_alive_fraction": 1.0, "arm": "b_norm_logits", "cross_nmse_gene_to_image": 0.07299353973940015, "cross_nmse_image_to_gene": 0.925014853477478, "elapsed_seconds": 31.275422000035178, "section_id": "151672", "self_nmse_gene": 0.8598398603498936, "self_nmse_image": 0.16308224759995937, "sum_ari": 0.00894021255842201, "sum_nmi": 0.0177142984455192, "support_ari": 0.07625247658677056, "support_nmi": 0.18619040786645685}
{"all_alive_fraction": 1.0, "arm": "b_norm_logits", "cross_nmse_gene_to_image": 0.07472187727689743, "cross_nmse_image_to_gene": 0.9096037944157919, "elapsed_seconds": 29.602952583984006, "section_id": "151673", "self_nmse_gene": 0.8456141273180644, "self_nmse_image": 0.16182103157043456, "sum_ari": 0.16270179575258117, "sum_nmi": 0.35972469694626324, "support_ari": 0.1970332031602343, "support_nmi": 0.3482556314856778}
{"all_alive_fraction": 1.0, "arm": "b_norm_logits", "cross_nmse_gene_to_image": 0.07187643597523372, "cross_nmse_image_to_gene": 0.9087257067362468, "elapsed_seconds": 30.463531583023723, "section_id": "151674", "self_nmse_gene": 0.8437097390492757, "self_nmse_image": 0.15636058549086254, "sum_ari": 0.09427706235154111, "sum_nmi": 0.2845521604986903, "support_ari": 0.17329877608253522, "support_nmi": 0.2934128509487784}
{"all_alive_fraction": 1.0, "arm": "b_norm_logits", "cross_nmse_gene_to_image": 0.06274231736149107, "cross_nmse_image_to_gene": 0.9077829718589783, "elapsed_seconds": 30.538574250007514, "section_id": "151675", "self_nmse_gene": 0.8404706290790013, "self_nmse_image": 0.1600840070417949, "sum_ari": 0.15003411420273965, "sum_nmi": 0.3635816963400546, "support_ari": 0.22931303728326258, "support_nmi": 0.4049706979019138}
{"all_alive_fraction": 1.0, "arm": "b_norm_logits", "cross_nmse_gene_to_image": 0.06585325726440974, "cross_nmse_image_to_gene": 0.9096766880580357, "elapsed_seconds": 28.920570917020086, "section_id": "151676", "self_nmse_gene": 0.8425507928643908, "self_nmse_image": 0.15947645902633667, "sum_ari": 0.12477991670713619, "sum_nmi": 0.30277332729314954, "support_ari": 0.17192348912702984, "support_nmi": 0.3267676364046655}

=== arm c_mlp_encoder ===
{"all_alive_fraction": 0.9990234375, "arm": "c_mlp_encoder", "cross_nmse_gene_to_image": 0.1413616774713292, "cross_nmse_image_to_gene": 0.924127624315374, "elapsed_seconds": 33.71169229201041, "section_id": "151507", "self_nmse_gene": 0.9045686090693754, "self_nmse_image": 0.2060847150928834, "sum_ari": 0.17897524663419478, "sum_nmi": 0.33464538556335344, "support_ari": 0.26500487258776534, "support_nmi": 0.410293157976876}
{"all_alive_fraction": 1.0, "arm": "c_mlp_encoder", "cross_nmse_gene_to_image": 0.15130177719725502, "cross_nmse_image_to_gene": 0.9325729873445299, "elapsed_seconds": 35.63813100004336, "section_id": "151508", "self_nmse_gene": 0.9149545464250777, "self_nmse_image": 0.20638664729065365, "sum_ari": 0.21219225992291263, "sum_nmi": 0.3741983817910682, "support_ari": 0.30323087032489987, "support_nmi": 0.426237601785597}
{"all_alive_fraction": 1.0, "arm": "c_mlp_encoder", "cross_nmse_gene_to_image": 0.1399898521210018, "cross_nmse_image_to_gene": 0.9268891278066134, "elapsed_seconds": 36.707279666967224, "section_id": "151509", "self_nmse_gene": 0.9063142789037604, "self_nmse_image": 0.1996449224258724, "sum_ari": 0.3536524410346949, "sum_nmi": 0.42569732943376365, "support_ari": 0.31011412799208, "support_nmi": 0.39950153809175737}
{"all_alive_fraction": 0.998046875, "arm": "c_mlp_encoder", "cross_nmse_gene_to_image": 0.13726573520236546, "cross_nmse_image_to_gene": 0.9247890346580081, "elapsed_seconds": 36.00543945899699, "section_id": "151510", "self_nmse_gene": 0.9060017334090339, "self_nmse_image": 0.1937453622619311, "sum_ari": 0.23294689914944672, "sum_nmi": 0.41266365036642927, "support_ari": 0.3099929259528441, "support_nmi": 0.4158772915295245}
{"all_alive_fraction": 0.998046875, "arm": "c_mlp_encoder", "cross_nmse_gene_to_image": 0.1553620477517446, "cross_nmse_image_to_gene": 0.9262631853421529, "elapsed_seconds": 28.767974874994252, "section_id": "151669", "self_nmse_gene": 0.9074128786722819, "self_nmse_image": 0.2224103977282842, "sum_ari": 0.39233100132713206, "sum_nmi": 0.3317091433745589, "support_ari": 0.1937112755661013, "support_nmi": 0.3061692940132449}
{"all_alive_fraction": 0.9990234375, "arm": "c_mlp_encoder", "cross_nmse_gene_to_image": 0.14888935003961837, "cross_nmse_image_to_gene": 0.9212330452033451, "elapsed_seconds": 26.95562779199099, "section_id": "151670", "self_nmse_gene": 0.9014921954699925, "self_nmse_image": 0.22112153044768743, "sum_ari": 0.11279539183029319, "sum_nmi": 0.13928245518839916, "support_ari": 0.21367139253877193, "support_nmi": 0.2919655396555305}
{"all_alive_fraction": 0.9990234375, "arm": "c_mlp_encoder", "cross_nmse_gene_to_image": 0.14217275287956, "cross_nmse_image_to_gene": 0.9268633723258972, "elapsed_seconds": 41.9436277920031, "section_id": "151671", "self_nmse_gene": 0.9053496271371841, "self_nmse_image": 0.20528816897422075, "sum_ari": -0.026622099827595055, "sum_nmi": 0.12681947666836074, "support_ari": 0.10335760230485334, "support_nmi": 0.17277182461343013}
{"all_alive_fraction": 0.9970703125, "arm": "c_mlp_encoder", "cross_nmse_gene_to_image": 0.1580934775993228, "cross_nmse_image_to_gene": 0.9237558431923389, "elapsed_seconds": 37.11119374999544, "section_id": "151672", "self_nmse_gene": 0.9036910608410835, "self_nmse_image": 0.22246563248336315, "sum_ari": 0.040453270064990145, "sum_nmi": 0.14072604966168495, "support_ari": 0.1091118847310699, "support_nmi": 0.1880945294548148}
{"all_alive_fraction": 0.9990234375, "arm": "c_mlp_encoder", "cross_nmse_gene_to_image": 0.17119022409121196, "cross_nmse_image_to_gene": 0.9061578869819641, "elapsed_seconds": 31.463876167021226, "section_id": "151673", "self_nmse_gene": 0.8886955261230469, "self_nmse_image": 0.2358123282591502, "sum_ari": 0.18672130405726073, "sum_nmi": 0.3521626989211106, "support_ari": 0.2886389434645052, "support_nmi": 0.4400858585057118}
{"all_alive_fraction": 0.998046875, "arm": "c_mlp_encoder", "cross_nmse_gene_to_image": 0.15146469473838806, "cross_nmse_image_to_gene": 0.9055716713269552, "elapsed_seconds": 31.810119165980723, "section_id": "151674", "self_nmse_gene": 0.8866615891456604, "self_nmse_image": 0.21836567521095276, "sum_ari": 0.27890971680020166, "sum_nmi": 0.4218224198641256, "support_ari": 0.2783876531550003, "support_nmi": 0.3794822116679138}
{"all_alive_fraction": 0.9990234375, "arm": "c_mlp_encoder", "cross_nmse_gene_to_image": 0.14728532518659318, "cross_nmse_image_to_gene": 0.9007999513830457, "elapsed_seconds": 30.13175574998604, "section_id": "151675", "self_nmse_gene": 0.8812489679881504, "self_nmse_image": 0.21599755649055755, "sum_ari": 0.18715059758632777, "sum_nmi": 0.37487840636313424, "support_ari": 0.31870155771045844, "support_nmi": 0.39945124994223297}
{"all_alive_fraction": 1.0, "arm": "c_mlp_encoder", "cross_nmse_gene_to_image": 0.1441300596509661, "cross_nmse_image_to_gene": 0.9031776785850525, "elapsed_seconds": 27.667801917006727, "section_id": "151676", "self_nmse_gene": 0.88422001685415, "self_nmse_image": 0.2107078262737819, "sum_ari": 0.188188105811561, "sum_nmi": 0.3562524150263884, "support_ari": 0.2341828456847759, "support_nmi": 0.3708994246455322}

=== arm d_spatial_topk ===
{"all_alive_fraction": 1.0, "arm": "d_spatial_topk", "cross_nmse_gene_to_image": 0.1609246362658108, "cross_nmse_image_to_gene": 0.9304897364448098, "elapsed_seconds": 54.30104033299722, "section_id": "151507", "self_nmse_gene": 0.8824542129740995, "self_nmse_image": 0.22615463242811315, "sum_ari": 0.20741079440046523, "sum_nmi": 0.39006179611118974, "support_ari": 0.35412177702718745, "support_nmi": 0.4795813002295204}
{"all_alive_fraction": 1.0, "arm": "d_spatial_topk", "cross_nmse_gene_to_image": 0.15337343431181377, "cross_nmse_image_to_gene": 0.9378447863790724, "elapsed_seconds": 59.26060087495716, "section_id": "151508", "self_nmse_gene": 0.8946717083454132, "self_nmse_image": 0.20212909330924353, "sum_ari": 0.22709742180124795, "sum_nmi": 0.36122975404571916, "support_ari": 0.3283465034661941, "support_nmi": 0.47409438094561823}
{"all_alive_fraction": 1.0, "arm": "d_spatial_topk", "cross_nmse_gene_to_image": 0.16540125012397766, "cross_nmse_image_to_gene": 0.9305585936496132, "elapsed_seconds": 59.22730437503196, "section_id": "151509", "self_nmse_gene": 0.8839709476420754, "self_nmse_image": 0.2241643698591935, "sum_ari": 0.27764355249816086, "sum_nmi": 0.4361562323030944, "support_ari": 0.3618473370614612, "support_nmi": 0.5255304397418267}
{"all_alive_fraction": 1.0, "arm": "d_spatial_topk", "cross_nmse_gene_to_image": 0.1530564402540525, "cross_nmse_image_to_gene": 0.9302473366260529, "elapsed_seconds": 55.36638637498254, "section_id": "151510", "self_nmse_gene": 0.8839171131451925, "self_nmse_image": 0.21733858436346054, "sum_ari": 0.2157037463662427, "sum_nmi": 0.40355845572318777, "support_ari": 0.2818398725494797, "support_nmi": 0.4494513120151303}
{"all_alive_fraction": 1.0, "arm": "d_spatial_topk", "cross_nmse_gene_to_image": 0.16592776377995808, "cross_nmse_image_to_gene": 0.933151920636495, "elapsed_seconds": 45.255925208039116, "section_id": "151669", "self_nmse_gene": 0.8879351178805034, "self_nmse_image": 0.2158061812321345, "sum_ari": 0.01977972003438731, "sum_nmi": 0.0042681712943914195, "support_ari": 0.2189702201878377, "support_nmi": 0.4037658749376356}
{"all_alive_fraction": 1.0, "arm": "d_spatial_topk", "cross_nmse_gene_to_image": 0.1663877165743283, "cross_nmse_image_to_gene": 0.9299605361052922, "elapsed_seconds": 42.02394283399917, "section_id": "151670", "self_nmse_gene": 0.8819100643907275, "self_nmse_image": 0.2158344920192446, "sum_ari": 0.018422270196959075, "sum_nmi": 0.06303831780595855, "support_ari": 0.33273229511054947, "support_nmi": 0.43067808373137517}
{"all_alive_fraction": 1.0, "arm": "d_spatial_topk", "cross_nmse_gene_to_image": 0.1602109894156456, "cross_nmse_image_to_gene": 0.9339890331029892, "elapsed_seconds": 48.97739295801148, "section_id": "151671", "self_nmse_gene": 0.8858991637825966, "self_nmse_image": 0.20848514791578054, "sum_ari": 0.044955673200128124, "sum_nmi": 0.19698610815689313, "support_ari": 0.1466091490870087, "support_nmi": 0.28842091379913737}
{"all_alive_fraction": 1.0, "arm": "d_spatial_topk", "cross_nmse_gene_to_image": 0.18212619796395302, "cross_nmse_image_to_gene": 0.9292467534542084, "elapsed_seconds": 46.852954209025484, "section_id": "151672", "self_nmse_gene": 0.8796189352869987, "self_nmse_image": 0.2559028649702668, "sum_ari": 0.0930288426568488, "sum_nmi": 0.18871110665548665, "support_ari": 0.23723354041302483, "support_nmi": 0.3936560012419913}
{"all_alive_fraction": 1.0, "arm": "d_spatial_topk", "cross_nmse_gene_to_image": 0.16269740064938862, "cross_nmse_image_to_gene": 0.9131448904673258, "elapsed_seconds": 44.91079895797884, "section_id": "151673", "self_nmse_gene": 0.8673805395762125, "self_nmse_image": 0.2249488244454066, "sum_ari": 0.1855514949925073, "sum_nmi": 0.3842523703038922, "support_ari": 0.35876297946062385, "support_nmi": 0.5548094634805555}
{"all_alive_fraction": 1.0, "arm": "d_spatial_topk", "cross_nmse_gene_to_image": 0.14929674665133158, "cross_nmse_image_to_gene": 0.9131317655245463, "elapsed_seconds": 44.213772875024006, "section_id": "151674", "self_nmse_gene": 0.8665890574455262, "self_nmse_image": 0.2101957549651464, "sum_ari": 0.06441816760455327, "sum_nmi": 0.22077006223715845, "support_ari": 0.30735696016175157, "support_nmi": 0.45537478636643836}
{"all_alive_fraction": 1.0, "arm": "d_spatial_topk", "cross_nmse_gene_to_image": 0.17456997824566706, "cross_nmse_image_to_gene": 0.9101131047521319, "elapsed_seconds": 43.256944875000045, "section_id": "151675", "self_nmse_gene": 0.8579198590346745, "self_nmse_image": 0.2585846015385219, "sum_ari": 0.18565241619608944, "sum_nmi": 0.37615949916806146, "support_ari": 0.28711066844959904, "support_nmi": 0.49483477871643}
{"all_alive_fraction": 1.0, "arm": "d_spatial_topk", "cross_nmse_gene_to_image": 0.15869141689368657, "cross_nmse_image_to_gene": 0.9146115098680768, "elapsed_seconds": 41.37510212499183, "section_id": "151676", "self_nmse_gene": 0.8637359440326691, "self_nmse_image": 0.23095058436904634, "sum_ari": 0.16762843349759954, "sum_nmi": 0.3268957264785318, "support_ari": 0.31996129745673063, "support_nmi": 0.4472587322063176}

=== arm e_spatial_plus_attention ===
{"all_alive_fraction": 1.0, "arm": "e_spatial_plus_attention", "attn_ari": 0.40081793818090156, "attn_input": "support", "attn_nmi": 0.5180796937788482, "cross_nmse_gene_to_image": 0.1609246362658108, "cross_nmse_image_to_gene": 0.9304897364448098, "elapsed_seconds": 80.50307916698512, "section_id": "151507", "self_nmse_gene": 0.8824542129740995, "self_nmse_image": 0.22615463242811315, "sum_ari": 0.20741079440046523, "sum_nmi": 0.39006179611118974, "support_ari": 0.35412177702718745, "support_nmi": 0.4795813002295204}
{"all_alive_fraction": 1.0, "arm": "e_spatial_plus_attention", "attn_ari": 0.32637499706862877, "attn_input": "support", "attn_nmi": 0.4760076261658957, "cross_nmse_gene_to_image": 0.15337343431181377, "cross_nmse_image_to_gene": 0.9378447863790724, "elapsed_seconds": 92.19765904097585, "section_id": "151508", "self_nmse_gene": 0.8946717083454132, "self_nmse_image": 0.20212909330924353, "sum_ari": 0.22709742180124795, "sum_nmi": 0.36122975404571916, "support_ari": 0.3283465034661941, "support_nmi": 0.47409438094561823}
{"all_alive_fraction": 1.0, "arm": "e_spatial_plus_attention", "attn_ari": 0.4963289122624234, "attn_input": "support", "attn_nmi": 0.5279630246294251, "cross_nmse_gene_to_image": 0.16540125012397766, "cross_nmse_image_to_gene": 0.9305585936496132, "elapsed_seconds": 107.3062667499762, "section_id": "151509", "self_nmse_gene": 0.8839709476420754, "self_nmse_image": 0.2241643698591935, "sum_ari": 0.27764355249816086, "sum_nmi": 0.4361562323030944, "support_ari": 0.3618473370614612, "support_nmi": 0.5255304397418267}
{"all_alive_fraction": 1.0, "arm": "e_spatial_plus_attention", "attn_ari": 0.45281950331438564, "attn_input": "support", "attn_nmi": 0.518247805043171, "cross_nmse_gene_to_image": 0.1530564402540525, "cross_nmse_image_to_gene": 0.9302473366260529, "elapsed_seconds": 97.76425708300667, "section_id": "151510", "self_nmse_gene": 0.8839171131451925, "self_nmse_image": 0.21733858436346054, "sum_ari": 0.2157037463662427, "sum_nmi": 0.40355845572318777, "support_ari": 0.2818398725494797, "support_nmi": 0.4494513120151303}
{"all_alive_fraction": 1.0, "arm": "e_spatial_plus_attention", "attn_ari": 0.3349766789925006, "attn_input": "support", "attn_nmi": 0.49119152586787945, "cross_nmse_gene_to_image": 0.16592776377995808, "cross_nmse_image_to_gene": 0.933151920636495, "elapsed_seconds": 76.91775700001745, "section_id": "151669", "self_nmse_gene": 0.8879351178805034, "self_nmse_image": 0.2158061812321345, "sum_ari": 0.01977972003438731, "sum_nmi": 0.0042681712943914195, "support_ari": 0.2189702201878377, "support_nmi": 0.4037658749376356}
{"all_alive_fraction": 1.0, "arm": "e_spatial_plus_attention", "attn_ari": 0.3862382075897084, "attn_input": "support", "attn_nmi": 0.444506195837437, "cross_nmse_gene_to_image": 0.1663877165743283, "cross_nmse_image_to_gene": 0.9299605361052922, "elapsed_seconds": 73.38992016599514, "section_id": "151670", "self_nmse_gene": 0.8819100643907275, "self_nmse_image": 0.2158344920192446, "sum_ari": 0.018422270196959075, "sum_nmi": 0.06303831780595855, "support_ari": 0.33273229511054947, "support_nmi": 0.43067808373137517}
{"all_alive_fraction": 1.0, "arm": "e_spatial_plus_attention", "attn_ari": 0.3518593224879791, "attn_input": "support", "attn_nmi": 0.45433099463029664, "cross_nmse_gene_to_image": 0.1602109894156456, "cross_nmse_image_to_gene": 0.9339890331029892, "elapsed_seconds": 88.23666558298282, "section_id": "151671", "self_nmse_gene": 0.8858991637825966, "self_nmse_image": 0.20848514791578054, "sum_ari": 0.044955673200128124, "sum_nmi": 0.19698610815689313, "support_ari": 0.1466091490870087, "support_nmi": 0.28842091379913737}
{"all_alive_fraction": 1.0, "arm": "e_spatial_plus_attention", "attn_ari": 0.3182671277604017, "attn_input": "support", "attn_nmi": 0.4682367052943899, "cross_nmse_gene_to_image": 0.18212619796395302, "cross_nmse_image_to_gene": 0.9292467534542084, "elapsed_seconds": 97.31481291702949, "section_id": "151672", "self_nmse_gene": 0.8796189352869987, "self_nmse_image": 0.2559028649702668, "sum_ari": 0.0930288426568488, "sum_nmi": 0.18871110665548665, "support_ari": 0.23723354041302483, "support_nmi": 0.3936560012419913}
{"all_alive_fraction": 1.0, "arm": "e_spatial_plus_attention", "attn_ari": 0.3280058577322544, "attn_input": "support", "attn_nmi": 0.49009417009612394, "cross_nmse_gene_to_image": 0.16269740064938862, "cross_nmse_image_to_gene": 0.9131448904673258, "elapsed_seconds": 78.20103804202517, "section_id": "151673", "self_nmse_gene": 0.8673805395762125, "self_nmse_image": 0.2249488244454066, "sum_ari": 0.1855514949925073, "sum_nmi": 0.3842523703038922, "support_ari": 0.35876297946062385, "support_nmi": 0.5548094634805555}
{"all_alive_fraction": 1.0, "arm": "e_spatial_plus_attention", "attn_ari": 0.3239572434543874, "attn_input": "support", "attn_nmi": 0.4267472202782496, "cross_nmse_gene_to_image": 0.14929674665133158, "cross_nmse_image_to_gene": 0.9131317655245463, "elapsed_seconds": 76.48943862505257, "section_id": "151674", "self_nmse_gene": 0.8665890574455262, "self_nmse_image": 0.2101957549651464, "sum_ari": 0.06441816760455327, "sum_nmi": 0.22077006223715845, "support_ari": 0.30735696016175157, "support_nmi": 0.45537478636643836}
{"all_alive_fraction": 1.0, "arm": "e_spatial_plus_attention", "attn_ari": 0.34716962682683394, "attn_input": "support", "attn_nmi": 0.4730706895961111, "cross_nmse_gene_to_image": 0.17456997824566706, "cross_nmse_image_to_gene": 0.9101131047521319, "elapsed_seconds": 76.27398233301938, "section_id": "151675", "self_nmse_gene": 0.8579198590346745, "self_nmse_image": 0.2585846015385219, "sum_ari": 0.18565241619608944, "sum_nmi": 0.37615949916806146, "support_ari": 0.28711066844959904, "support_nmi": 0.49483477871643}
{"all_alive_fraction": 1.0, "arm": "e_spatial_plus_attention", "attn_ari": 0.2885037746921351, "attn_input": "support", "attn_nmi": 0.4474876296611591, "cross_nmse_gene_to_image": 0.15869141689368657, "cross_nmse_image_to_gene": 0.9146115098680768, "elapsed_seconds": 77.82744720799383, "section_id": "151676", "self_nmse_gene": 0.8637359440326691, "self_nmse_image": 0.23095058436904634, "sum_ari": 0.16762843349759954, "sum_nmi": 0.3268957264785318, "support_ari": 0.31996129745673063, "support_nmi": 0.4472587322063176}

{
  "a_paper_faithful": {
    "sum_ari": {
      "mean": 0.11782217330338401,
      "median": 0.13591072117710667,
      "iqr": 0.11929766220456088
    },
    "sum_nmi": {
      "mean": 0.25746027393428117,
      "median": 0.3212358660393251,
      "iqr": 0.2009194122501799
    },
    "support_ari": {
      "mean": 0.2662020687081567,
      "median": 0.24171015498326331,
      "iqr": 0.07419435656606782
    },
    "support_nmi": {
      "mean": 0.3570147632317035,
      "median": 0.3700276203665471,
      "iqr": 0.08306176777327579
    },
    "self_nmse_gene": {
      "mean": 0.8498983923425256,
      "median": 0.8543346024611417,
      "iqr": 0.016578303695770624
    },
    "cross_nmse_image_to_gene": {
      "mean": 0.9172074821468574,
      "median": 0.9211770390707349,
      "iqr": 0.018204937221711126
    }
  },
  "b_norm_logits": {
    "sum_ari": {
      "mean": 0.10052736373894865,
      "median": 0.10952848952933865,
      "iqr": 0.13715220873710446
    },
    "sum_nmi": {
      "mean": 0.21305576957034364,
      "median": 0.29366274389591995,
      "iqr": 0.3190385366461974
    },
    "support_ari": {
      "mean": 0.19246540208996263,
      "median": 0.19682391256068288,
      "iqr": 0.05588541917476603
    },
    "support_nmi": {
      "mean": 0.31430113114329944,
      "median": 0.33742600567035264,
      "iqr": 0.08484166968260104
    },
    "self_nmse_gene": {
      "mean": 0.85572302497211,
      "median": 0.8605465890072724,
      "iqr": 0.0172399287683922
    },
    "cross_nmse_image_to_gene": {
      "mean": 0.9209963350057392,
      "median": 0.9254153635766771,
      "iqr": 0.017467381123612014
    }
  },
  "c_mlp_encoder": {
    "sum_ari": {
      "mean": 0.19480784453261837,
      "median": 0.1876693516989444,
      "iqr": 0.08200732062891608
    },
    "sum_nmi": {
      "mean": 0.31590481768519807,
      "median": 0.3542075569737495,
      "iqr": 0.1003613474176176
    },
    "support_ari": {
      "mean": 0.24400882933442716,
      "median": 0.2716962628713828,
      "iqr": 0.09624002093628165
    },
    "support_nmi": {
      "mean": 0.3500691268235139,
      "median": 0.3894667308050734,
      "iqr": 0.1090708359412218
    },
    "self_nmse_gene": {
      "mean": 0.8992175858365665,
      "median": 0.9041298349552295,
      "iqr": 0.01789282790401514
    },
    "cross_nmse_image_to_gene": {
      "mean": 0.918516784038773,
      "median": 0.9239417337538565,
      "iqr": 0.020401899019877212
    }
  },
  "d_spatial_topk": {
    "sum_ari": {
      "mean": 0.14227437778709912,
      "median": 0.1765899642450534,
      "iqr": 0.14993148838846262
    },
    "sum_nmi": {
      "mean": 0.27934063335696374,
      "median": 0.34406274026212547,
      "iqr": 0.1907873689741751
    },
    "support_ari": {
      "mean": 0.2945743833692873,
      "median": 0.3136591288092411,
      "iqr": 0.06739137607434303
    },
    "support_nmi": {
      "mean": 0.4497880056176647,
      "median": 0.4524130491907843,
      "iqr": 0.059444638318307486
    },
    "self_nmse_gene": {
      "mean": 0.8780002219613908,
      "median": 0.8821821386824136,
      "iqr": 0.01727033263366473
    },
    "cross_nmse_image_to_gene": {
      "mean": 0.9255408305842178,
      "median": 0.9301039363656725,
      "iqr": 0.01696207037844455
    }
  },
  "e_spatial_plus_attention": {
    "sum_ari": {
      "mean": 0.14227437778709912,
      "median": 0.1765899642450534,
      "iqr": 0.14993148838846262
    },
    "sum_nmi": {
      "mean": 0.27934063335696374,
      "median": 0.34406274026212547,
      "iqr": 0.1907873689741751
    },
    "support_ari": {
      "mean": 0.2945743833692873,
      "median": 0.3136591288092411,
      "iqr": 0.06739137607434303
    },
    "support_nmi": {
      "mean": 0.4497880056176647,
      "median": 0.4524130491907843,
      "iqr": 0.059444638318307486
    },
    "attn_ari": {
      "mean": 0.362943265863545,
      "median": 0.3410731529096673,
      "iqr": 0.06411258157243827
    },
    "attn_nmi": {
      "mean": 0.4779969400732489,
      "median": 0.4745391578810034,
      "iqr": 0.04529341445760937
    },
    "self_nmse_gene": {
      "mean": 0.8780002219613908,
      "median": 0.8821821386824136,
      "iqr": 0.01727033263366473
    },
    "cross_nmse_image_to_gene": {
      "mean": 0.9255408305842178,
      "median": 0.9301039363656725,
      "iqr": 0.01696207037844455
    }
  }
}
